--------------------------------------------------------------------------------------⠀
⠹⣿⣿⣧⣠⣀⣤⣶⠖⠀⠀⠀⠀⢿⣿⣿⣿⣿⣿⣿⣿⣿⣿⣿⣿⣿⣿⣿⣿⣿⣿⣿⣿⣿⣿⣿⣿⣿⣿⣿⣿⠢⢄⣾⣿⣷⣾⣿⠇⠐⢿⣿⣿⣿⣿⣿⣿⣿⣾⣿⣿⣿⣿⣿⣿⣿⣿⣿⣿⣿⣿⣿⠿⠟⠛⠷⠈⠉⠒⢄⠀⠀⠀⠀⠀⠀⠀
⠐United Kingdom⢿⣿⣿⣿⣿⣿⣿⣿⣿⣿⣿⣿⣿⣿⣿⣿⣿⣿⣿⣿⣿⣿⣿⣿⣿⣿⡦⠀⠀⠼⢿⣿⣿⣷⣿⣿⣿⢿⣿⣻⣿⣿⣿⣿⣿⣿⣿⡿⠟⠋⠉⠁⠈⢿⣿⣿⣯⣟⠁⠀⠀⠀⠀⠀⢸⠀⠀⠀⠀⠀⠀⠀
⣼⣿⣿⣿⣷⣿⣿⣿⣷⡇⠀⠀⠀⠀⠀⠀⢿⣿⣿⣿⣿⣿⣿⣿⣿⣿⣿⣿⣿⣿⣿⣿⣿⣿⣿⣿⣿⣿⣿⣿⣿⣯⠀⠀⠀⠀⠨⡿⣿⠟⠛⠁⠀⠑⠟⡿⣿⡿⠿⠟⠛⠉⠀⠀⠀⠀⠀⠀⠀⠀⠉⠀⠀⠉⠉⠉⠉⠉⠉⠉⠑⢢⣀⠀⢀⡠⠒
⣿⣿⣿⣿⣿⣿⣿⣿⣿⠂⠀⠀⠀⠀⠀⠀⠺⣿⣿⣿⣿⣿⣿⣿⣿⣿⣿⣿⣿⣿⣿⣿⣿⣿⣿⣿⣿⠿⠛⣿⡏⠉⠉⠀⠀⠀⠀⠀⠈⠀⠀⠀⠀⠀⠀⠙⡟⠇⠀⠀⠀⠀⠀⠀⠀⠀⠀⠀⠀⠀⠀⠀⠀⠀⠀⠀⠀⠀⠀⠀⠀⢸⠀⠉⠁⠀⠀
⢿⣿⣿⣿⣯⡽⠟⠛⠻⠃⠀⠀⠀⠀⠀⠀⠀⢘⣿⣿⣿⣿⣿⣿⣿⣿⣿⣿⣿⣿⣿⣿⠟⠋⠉⠉⢳⠂⠀⠈⠀⠀⠀⠀⠀⠀⠀⠀⠀⠀⠀⠀⠀⠀⠀⠀⡸⠀⠀⠀⠀⠀⠀⠀⠀⠀⠀⠀⠀⠀⠀⠀⠀⠀⠀⠀⠀⠀⠀⠀⠀⠈⢆⠀⠀⠀⠀
⣼⣿⣿⣿⣿⣶⠄⠀⠀⠀⠀⠀⠀⠀⠀⠀⠀⠚⠏⠉⠉⢻⣿⣿⣿⣿⣿⣿⣿⣿⠋⣿⣷⠀⠀⠀⡎⠀⠀⠀⠀⠀⠀⠀⠀⠀⠀⠀⠀⠀⠀⠀⠀⠀⠀⠈⢆⠀⠀⠀⠀⠀⠀⠀⠀⠀⠀⠀⠀⠀⠀⠀⠀⠀⠀⠀⠀⠀⠀⠀⠀⠀⢸⠀⠀⠀⠀
⣿⣿⣿⣿⣿⡟⠁⠀⠀⠀⠀⠀⠀⠀⠀⠀⠀⠀⠀⠀⠀⣸⣿⣿⣿⣿⣿⣿⣿⠏⠰⢿⡟⠁⠀⢰⠁⠀⠀⠀⠀⠀⠀⠀⠀⠀⠀⠀⠀⠀⠀⠀⠀⠀⠀⠀⠈⢆⠀⠀⠀⠀⠀⠀⠀⠀⠀⠀⠀⠀⠀⠀⠀⠀⠀⠀⠀⠀⠀⠀⠀⢎⠁⠀⠀⠀⠀
⣿⣿⣿⣛⢉⡀⠀⠀⠀⠀⣀⠀⠀⠀⠀⠀⠀⠀⠀⢠⣰⣿⣿⣿⣿⣿⣿⣿⠏⠀⠀⠀⠀⢠⠤⠎⠀⠀⠀⠀⠀⠀⠀⠀⠀⠀⠀⠀⠀⠀⠀⠀⠀⠀⠀⠀⠀⡜⠀⠀⠀⠀⠀⠀⠀⠀Poland⠀⠀⠀⠀⠀⠀⠀⠀⠀⢸⠀⢀⡠⠤⠤
⣿⣿⣿⣾⣿⣿⣿⣦⣶⠟⠁⠀⠀⠀⠀⠀⠀⠀⠤⢿⡿⣿⣿⣿⣿⣿⣿⣿⣿⣀⠤⣀⠀⠸⡀⠀⠀⠀⠀⠀⠀⠀⠀⠀⠀⠀⠀⠀⠀⠀⠀⠀⠀⠀⠀⠀⠀⢱⠀⠀⠀⠀⠀⠀⠀⠀⠀⠀⠀⠀⠀⠀⠀⠀⠀⠀⠀⠀⠀⠀⠀⠸⡊⠁⠀⠀⠀
⣿⣿⣿⣿⡿⠋⠉⠉⠉⠀⠀⠀⠀⣀⡀⢀⡀⠀⣀⣄⣾⡿⠿⠻⡛⠋⠉⠉⠉⠀⠀⠀⠑⢄⡇⠀⠀⠀⠀⠀⠀⠀Germany⠀⠀⠀⠀⠀⢀⡠⠒⠤⠣⡀⠀⠀⠀⠀⠀⠀⠀⠀⠀⠀⠀⠀⠀⠀⠀⠀⠀⠀⠀⠀⠀⠀⠱⡀⠀⠀⠀
⣿⣿⣿⠿⠁⠀⠀⢰⣾⣷⣴⣿⣿⣿⣿⣿⣿⣿⣿⣿⣿⡇⠀⠀⠉⠉⠢⡀⠀⠀⠀⠀⠀⢀⠇⠀⠀⠀⠀⠀⠀⠀⠀⠀⠀⠀⠀⠀⠀⠀⠀⢀⡠⠊⠁⠀⠀⠀⠀⠈⠉⢹⠀⢠⢄⡀⠀⠀⠀⠀⠀⠀⠀⠀⠀⠀⠀⠀⠀⠀⠀⠀⢀⡇⠀⠀⠀
⣿⣿⣏⣾⣿⣿⣷⣿⣿⣿⣿⣿⣿⣿⣿⣿⣿⣿⣿⣿⡿⠓⠀⠀⠀⠀⠀⠑⢄⣀⡀⠀⢠⠜⡄⠀⠀⠀⠀⠀⠀⠀⠀⠀⠀⠀⠀⠀⠀⠀⠘⡅⠀⠀⠀⠀⠀⠀⠀⠀⠀⠀⠉⠃⠀⠱⠤⣀⠀⠀⠀⠀⠀⠀⠀⠀⠀⠀⠀⠀⢀⠎⠁⠀⠀⠀⠀
⣿⣿⣿⣿⣿⣿⣿⣿⣿⣿⣿⣿⡛⣿⣿⣿⣿⣟⡋⠁⠀⠀⠀⠀⠀⠀⠀⠀⠀⠀⠈⠒⢼⣀⡇⠀⠀⠀⠀⠀⠀⠀⠀⠀⠀⠀⠀X⠀⠀⠀⠱⡀⠀⠀⠀⠀⠀⠀⠀⠀⠀⠀⠀⠀⠀⠀⠀⣣⣀⢄⠀⠀⣀⠀⠀⣀⠀⠀⡰⠁⠀⠀⠀⠀⠀⠀
⣿⣿⣿⣿⣿⣿⣿⣿⣿⣿⣿⣿⣷⠈⠉⠙⠛⠉⠀⠀⠀⠀⠀⠀⠀⠀⠀⠀⠀⠀⠀⠀⠀⠀⠈⠒⠤⠤⣀⡀⠀⠀⠀⠀⠀⠀⠀⠀⠀⠀⠀⠀⠈⠢⡀⠀⠀⠀⣀⣀⠀⠀⠀⠀⠀⠀⢠⠊⠀⠀⠀⠑⠉⠀⠉⠉⠀⠉⢢⢵⠀⠀⠀⠀⠀⠀⠀
⣿⣿⣿⣿⡿⠟⠟⠏⠛⢿⢿⢿⠿⠄⠀⠀⠀⠀⠀⠀⠀⠀⠀⠀⠀⠀⠀⠀⠀⠀⠀⠀⠀⠀⠀⠀⠀⠀⢰⠁⠀⠀⠀⠀⠀⠀⠀⠀⠀⠀⠀⠀⠀⢀⠎⠒⢄⠎⠀⠀⠉⠒⠒⢲⠉⠒⠁⠀⠀⠀⠀⠀⠀⢀⠤⣀⠀⢀⠎⠀⠀⠀⠀⠀⠀⠀⠀
⣿⣿⣿⣿⣷⠆⠀⠀⠀⠀⠀⠀⠀⠀⠀⠀⠀⠀⠀⠀⠀⠀⠀⠀⠀⠀⠀⠀⠀⠀⠀⠀⠀⠀⠀⠀⠀⠀⡇⠀⠀⠀⠀⠀⠀⠀⠀⠀⠀⠀⠀⠀⢰⠊⠀⠀⠀⠀⠀⠀⠀⠀⠀⢸⣀⠀⠀⠀⢀⣀⠤⠤⠒⠁⠀⠀⠉⠊⠒⢄⣀⣀⣀⣀⡀⠀⠀
⣿⣿⣿⣿⣿⣿⣶⣤⣄⣤⡀⠀⠀⠀⠀⠀⠀⠀⠀⠀⠀⠀⠀⠀⠀⠀⠀⠀⠀⠀⠀⠀⠀⠀⠀⢀⡀⡸⠤⠤⠔⠲⢦⣄⡀⠀⣀⣀⣀⣀⠤⠤⣸⠀⠀⠀⠀⠀⠀⠀⠀⠀⢤⠼⠀⠉⠒⠊⠉⠀⠀⠀⠀⠀⠀⠀⠀⢠⠔⠊⠀⠀⠀⠀⠈⠑⠉
⣿⣿⣿⣿⣿⣿⣿⣿⣿⣿⣷⣒⠄⠀⠀⠀⠀⠀⠀⠀⠀⠀⠀⠀⠀⠀⠀⠀⠀⠀⠀⠀⠀⠀⢀⠜⠈⠀⠀⠀⠀⠀⠀⡎⠈⠙⠀⠀⠀⣀⣀⠀⠈⠀⠀⠀⠀⠀⠀⠀⠀⢀⠎⠀⠀⠀⢀Hungary⠀⠀⢠⠃⠀⠀⠀⠀⠀⠀⠀⠀⠀
⣿⣿⣿⣿⣿⣿⣿⣿⣿⣿⣿⣧⡀⠀⠀⠀⠀⠀⠀France⠀⠀⠀⠀⠀⠀⠀⠀⢠⠊⡀⠀⠀⠀⠀⠀⠀⠀⠈⠉⢹⠑⠚⠉⠀⠀⠓⠤⠤⣀⣀⡀⢀⡠⠤⠤⠞⢆⠀⠠⠞⠉⠀⠀⠀⠀⠀⠀⠀⠀⢠⠃⠀⠀⠀⠀⠀⠀⠀⠀⠀⠀
⣿⣿⣿⣿⣿⣿⣿⣿⣿⣿⣿⣿⣿⣷⡂⠀⠀⠀⠀⠀⠀⠀⠀⠀⠀⠀⠀⠀⠀⠀⠀⠀⠀⠸⠟⢏⠁⠀⠀⡠⣀⣠⠋⠑⠒⠉⠀⠀⠀⠀⠀⠀⠀⠀⢰⠁⠈⠁⠀⠀⢠⠒⠁⠑⠢⡀⠀⠀⠀⢀⡠⠤⠤⡤⠒⠃⠀⠀⠀⠀⠀⠀⠀⠀⠀⠀⠀
---------------------------------------------------------------------------------------
